Microchip MPLAB XC8 Compiler V2.36

Linker command line:

-W-3 --edf=C:\Program Files\Microchip\xc8\v2.36\pic\dat\en_msgs.txt -cn \
  -h+dist/default/production\GreenLine_Automation_Trays.X.production.sym \
  --cmf=dist/default/production\GreenLine_Automation_Trays.X.production.cmf \
  -z -Q18F47Q10 -oC:\Users\clazar\AppData\Local\Temp\xcAslrs.4 \
  --defsym=__MPLAB_BUILD=1 \
  -Mdist/default/production/GreenLine_Automation_Trays.X.production.map \
  --md=C:\Users\clazar\AppData\Local\Temp\xcAslrs.dat -E1 -ver=XC8 Compiler \
  --acfsm=1493 -ACODE=00h-01FFFFh -ACONST=00h-01FFFFh \
  -ASMALLCONST=0F00h-0FFFhx497 -AMEDIUMCONST=0F00h-0FFFFh,010F00h-01FFFFh \
  -ACOMRAM=01h-05Fh -AABS1=00h-0CFFh,0E00h-0E1Eh \
  -ABIGRAM=01h-0CFFh,0E00h-0E1Eh -ARAM=060h-0FFh,0100h-01FFhx12,0E00h-0E1Eh \
  -ABANK0=060h-0FFh -ABANK1=0100h-01FFh -ABANK2=0200h-02FFh \
  -ABANK3=0300h-03FFh -ABANK4=0400h-04FFh -ABANK5=0500h-05FFh \
  -ABANK6=0600h-06FFh -ABANK7=0700h-07FFh -ABANK8=0800h-08FFh \
  -ABANK9=0900h-09FFh -ABANK10=0A00h-0AFFh -ABANK11=0B00h-0BFFh \
  -ABANK12=0C00h-0CFFh -ABANK14=0E00h-0E1Eh \
  -ASFR=0D00h-0DFFh,0E1Fh-0EFFh,0F00h-0F5Fh,0F60h-0FFFh \
  -ABIGSFR=0D00h-0DFFh,0E1Fh-0FFFh -ACONFIG=0300000h-030000Bh \
  -AIDLOC=0200000h-02000FFh -AEEDATA=0310000h-03103FFh -peeprom_data=EEDATA \
  -preset_vec=00h,intcode=08h,intcodelo,powerup,init -pramtop=0F00h \
  -psmallconst=SMALLCONST -pmediumconst=MEDIUMCONST -pconst=CONST \
  -AFARRAM=00h-00h \
  -prdata=COMRAM,nvrram=COMRAM,nvbit=COMRAM,rbss=COMRAM,rbit=COMRAM \
  -pfarbss=FARRAM,fardata=FARRAM,nvFARRAM=FARRAM \
  -pintsave_regs=BIGRAM,bigbss=BIGRAM,bigdata=BIGRAM -pbss=RAM \
  -pidata=CODE,irdata=CODE,ibigdata=CODE,ifardata=CODE -prparam=COMRAM \
  C:\Users\clazar\AppData\Local\Temp\xcAslrs.o \
  dist/default/production\GreenLine_Automation_Trays.X.production.o 

Object code version is 3.11

Machine type is 18F47Q10



                Name                               Link     Load   Length Selector   Space Scale
C:\Users\clazar\AppData\Local\Temp\xcAslrs.o
                idloc                            200000   200000      100        0       5
                config                           300000   300000        C        0       4
                init                                 E6       E6        4        4       0
                reset_vec                             0        0        4        0       0
dist/default/production\GreenLine_Automation_Trays.X.production.o
                intcode                               8        8       DE        4       0
                idloc                            200000   200000      100        0       5
                config                           300000   300000        C        0       4
                temp                                 56       56        1        1       1
                mediumconst                        FE88     FE88      178     7F44       0
                text73                            12776    12776       2A     8000       0
                text72                            1298E    1298E        6     8000       0
                text71                            1299E    1299E        2     8000       0
                text70                            12988    12988        6     8000       0
                text69                            11E66    11E66       C2     8000       0
                text68                            11FE4    11FE4       BA     8000       0
                text67                            126E6    126E6       32     8000       0
                text66                            1297E    1297E        A     8000       0
                text65                            1299C    1299C        2     8000       0
                text64                            126B4    126B4       32     8000       0
                text63                            12974    12974        A     8000       0
                text62                            1299A    1299A        2     8000       0
                text61                            12682    12682       32     8000       0
                text60                            1296A    1296A        A     8000       0
                text58                            11CE0    11CE0       C4     8000       0
                text57                            10000    10000      4C0     8000       0
                text56                            12514    12514       46     8000       0
                text55                            12280    12280       74     8000       0
                text54                            111F0    111F0      1B4     8000       0
                text53                            11950    11950      106     8000       0
                text52                            127C6    127C6       26     8000       0
                text51                            12650    12650       32     8000       0
                text50                            12892    12892       18     8000       0
                text49                            125DE    125DE       3C     8000       0
                text48                            11546    11546      188     8000       0
                text47                            116CE    116CE      164     8000       0
                text46                            1259E    1259E       40     8000       0
                text45                            12998    12998        2     8000       0
                text44                            11C16    11C16       CA     8000       0
                text43                            1255A    1255A       44     8000       0
                text42                            1261A    1261A       36     8000       0
                text41                            11DA4    11DA4       C2     8000       0
                text40                            107C0    107C0      2E0     8000       0
                text39                            11A56    11A56       F0     8000       0
                text38                            11B46    11B46       D0     8000       0
                text37                            10FEE    10FEE      202     8000       0
                text36                            10D7A    10D7A      274     8000       0
                text35                            12364    12364       66     8000       0
                text34                            12428    12428       52     8000       0
                text33                            1209E    1209E       AA     8000       0
                text32                            12148    12148       A2     8000       0
                text31                            1287A    1287A       18     8000       0
                text30                            12718    12718       30     8000       0
                text29                            123CA    123CA       5E     8000       0
                text28                            127A0    127A0       26     8000       0
                text27                            12828    12828       1E     8000       0
                text26                            10AA0    10AA0      2DA     8000       0
                text25                            12952    12952        E     8000       0
                text24                            12944    12944        E     8000       0
                text23                            12936    12936        E     8000       0
                text22                            12928    12928        E     8000       0
                text21                            122F4    122F4       70     8000       0
                text20                            1291A    1291A        E     8000       0
                text19                            1290C    1290C        E     8000       0
                text18                            128FE    128FE        E     8000       0
                text17                            1247A    1247A       4E     8000       0
                text16                            128F0    128F0        E     8000       0
                text15                            128E2    128E2        E     8000       0
                text14                            128D4    128D4        E     8000       0
                text13                            124C8    124C8       4C     8000       0
                text12                            12994    12994        4     8000       0
                text11                            12862    12862       18     8000       0
                text10                            121EA    121EA       96     8000       0
                text9                             12846    12846       1C     8000       0
                text8                             1280A    1280A       1E     8000       0
                text7                             128AA    128AA       16     8000       0
                text6                             12960    12960        A     8000       0
                text5                             104C0    104C0      300     8000       0
                text4                             127EC    127EC       1E     8000       0
                text3                             128C0    128C0       14     8000       0
                text2                             11832    11832      11E     8000       0
                text1                             113A4    113A4      1A2     8000       0
                text0                             11F28    11F28       BC     8000       0
                cstackCOMRAM                          1        1       4C        1       1
                cstackBANK0                          60       60       8A       60       1
                cstackBANK1                         100      100       8A      100       1
                bssBANK1                            18A      18A       30      100       1
                bssBANK0                             EA       EA       13       60       1
                bssCOMRAM                            4D       4D        9        1       1
                cinit                             12748    12748       2E     8000       0
                nvBANK1                             1BA      1BA       1B      100       1
                nvBANK0                              FD       FD        3       60       1

TOTAL           Name                               Link     Load   Length     Space
        CLASS   CODE           
                intcode                               8        8       DE         0
                init                                 E6       E6        4         0
                reset_vec                             0        0        4         0
                text73                            12776    12776       2A         0
                text72                            1298E    1298E        6         0
                text71                            1299E    1299E        2         0
                text70                            12988    12988        6         0
                text69                            11E66    11E66       C2         0
                text68                            11FE4    11FE4       BA         0
                text67                            126E6    126E6       32         0
                text66                            1297E    1297E        A         0
                text65                            1299C    1299C        2         0
                text64                            126B4    126B4       32         0
                text63                            12974    12974        A         0
                text62                            1299A    1299A        2         0
                text61                            12682    12682       32         0
                text60                            1296A    1296A        A         0
                text58                            11CE0    11CE0       C4         0
                text57                            10000    10000      4C0         0
                text56                            12514    12514       46         0
                text55                            12280    12280       74         0
                text54                            111F0    111F0      1B4         0
                text53                            11950    11950      106         0
                text52                            127C6    127C6       26         0
                text51                            12650    12650       32         0
                text50                            12892    12892       18         0
                text49                            125DE    125DE       3C         0
                text48                            11546    11546      188         0
                text47                            116CE    116CE      164         0
                text46                            1259E    1259E       40         0
                text45                            12998    12998        2         0
                text44                            11C16    11C16       CA         0
                text43                            1255A    1255A       44         0
                text42                            1261A    1261A       36         0
                text41                            11DA4    11DA4       C2         0
                text40                            107C0    107C0      2E0         0
                text39                            11A56    11A56       F0         0
                text38                            11B46    11B46       D0         0
                text37                            10FEE    10FEE      202         0
                text36                            10D7A    10D7A      274         0
                text35                            12364    12364       66         0
                text34                            12428    12428       52         0
                text33                            1209E    1209E       AA         0
                text32                            12148    12148       A2         0
                text31                            1287A    1287A       18         0
                text30                            12718    12718       30         0
                text29                            123CA    123CA       5E         0
                text28                            127A0    127A0       26         0
                text27                            12828    12828       1E         0
                text26                            10AA0    10AA0      2DA         0
                text25                            12952    12952        E         0
                text24                            12944    12944        E         0
                text23                            12936    12936        E         0
                text22                            12928    12928        E         0
                text21                            122F4    122F4       70         0
                text20                            1291A    1291A        E         0
                text19                            1290C    1290C        E         0
                text18                            128FE    128FE        E         0
                text17                            1247A    1247A       4E         0
                text16                            128F0    128F0        E         0
                text15                            128E2    128E2        E         0
                text14                            128D4    128D4        E         0
                text13                            124C8    124C8       4C         0
                text12                            12994    12994        4         0
                text11                            12862    12862       18         0
                text10                            121EA    121EA       96         0
                text9                             12846    12846       1C         0
                text8                             1280A    1280A       1E         0
                text7                             128AA    128AA       16         0
                text6                             12960    12960        A         0
                text5                             104C0    104C0      300         0
                text4                             127EC    127EC       1E         0
                text3                             128C0    128C0       14         0
                text2                             11832    11832      11E         0
                text1                             113A4    113A4      1A2         0
                text0                             11F28    11F28       BC         0
                cinit                             12748    12748       2E         0

        CLASS   CONST          

        CLASS   SMALLCONST     

        CLASS   MEDIUMCONST    
                mediumconst                        FE88     FE88      178         0

        CLASS   COMRAM         
                temp                                 56       56        1         1
                cstackCOMRAM                          1        1       4C         1
                bssCOMRAM                            4D       4D        9         1

        CLASS   ABS1           

        CLASS   BIGRAM         

        CLASS   RAM            

        CLASS   BANK0          
                cstackBANK0                          60       60       8A         1
                bssBANK0                             EA       EA       13         1
                nvBANK0                              FD       FD        3         1

        CLASS   BANK1          
                cstackBANK1                         100      100       8A         1
                bssBANK1                            18A      18A       30         1
                nvBANK1                             1BA      1BA       1B         1

        CLASS   BANK2          

        CLASS   BANK3          

        CLASS   BANK4          

        CLASS   BANK5          

        CLASS   BANK6          

        CLASS   BANK7          

        CLASS   BANK8          

        CLASS   BANK9          

        CLASS   BANK10         

        CLASS   BANK11         

        CLASS   BANK12         

        CLASS   BANK14         

        CLASS   SFR            

        CLASS   BIGSFR         

        CLASS   CONFIG         
                config                           300000   300000        C         4

        CLASS   IDLOC          
                idloc                            200000   200000      100         5

        CLASS   EEDATA         

        CLASS   FARRAM         

        CLASS   HEAP           

        CLASS   STACK          



SEGMENTS        Name                           Load    Length   Top    Selector   Space  Class

                reset_vec                      000000  000004  000004         0       0  CODE    
                cstackCOMRAM                   000001  000056  000057         1       1  COMRAM  
                intcode                        000008  0000E2  0000EA         4       0  CODE    
                cstackBANK0                    000060  0000A0  000100        60       1  BANK0   
                cstackBANK1                    000100  0000D5  0001D5       100       1  BANK1   
                mediumconst                    00FE88  000178  010000      7F44       0  MEDIUMCO
                text57                         010000  0029A0  0129A0      8000       0  CODE    


UNUSED ADDRESS RANGES

        Name                Unused          Largest block    Delta
        BANK1            0001D5-0001FF               2B
        BANK10           000A00-000AFF              100
        BANK11           000B00-000BFF              100
        BANK12           000C00-000CFF              100
        BANK14           000E00-000E1E               1F
        BANK2            000200-0002FF              100
        BANK3            000300-0003FF              100
        BANK4            000400-0004FF              100
        BANK5            000500-0005FF              100
        BANK6            000600-0006FF              100
        BANK7            000700-0007FF              100
        BANK8            000800-0008FF              100
        BANK9            000900-0009FF              100
        BIGRAM           000057-00005F                9
                         0001D5-000CFF              B2B
                         000E00-000E1E               1F
        BIGSFR           000D00-000DFF              100
                         000E1F-000FFF              1E1
        CODE             000004-000007                4
                         0000EA-00FE87             FD9E
                         0129A0-01FFFF             D660
        COMRAM           000057-00005F                9
        CONST            000004-000007                4
                         0000EA-00FE87             FD9E
                         0129A0-01FFFF             D660
        EEDATA           310000-3103FF              400
        MEDIUMCONST      000F00-00FE87             EF88
                         0129A0-01FFFF             D660
        RAM              0001D5-000CFF              100
                         000E00-000E1E               1F
        SFR              000D00-000DFF              100
                         000E1F-000FFF               E1
        SMALLCONST       000F00-00FE87              100
                         0129A0-01FFFF              100

                                  Symbol Table

?_INT0_Read_Count                               cstackCOMRAM 00000A
?___aodiv                                       cstackCOMRAM 00000A
?___aomod                                       cstackCOMRAM 00000A
?___awdiv                                       cstackCOMRAM 00000A
?___fladd                                       cstackCOMRAM 00000A
?___flsub                                       cstackCOMRAM 000020
?___fltol                                       cstackCOMRAM 00000A
?___lodiv                                       cstackCOMRAM 00000A
?___lomod                                       cstackCOMRAM 00000A
?___lwdiv                                       cstackCOMRAM 00000A
?___wmul                                        cstackCOMRAM 000014
?___xxtofl                                      cstackCOMRAM 000012
?_abs                                           cstackCOMRAM 00001C
?_distance                                      cstackCOMRAM 000028
?_dtoa                                          cstackCOMRAM 000025
?_pad                                           cstackCOMRAM 00001A
?_sprintf                                       cstackBANK0  00007E
?_strlen                                        cstackCOMRAM 00000A
?_utoa                                          cstackCOMRAM 000025
?_vfpfcnvrt                                     cstackBANK0  000060
?_vfprintf                                      cstackBANK0  000076
DATAEE_ReadByte@bAdd                            cstackCOMRAM 00000A
EUSART1_SetErrorHandler@interruptHandler        cstackCOMRAM 00000A
EUSART1_SetFramingErrorHandler@interruptHandler cstackCOMRAM 00000A
EUSART1_SetOverrunErrorHandler@interruptHandler cstackCOMRAM 00000A
EUSART1_SetRxInterruptHandler@interruptHandler  cstackCOMRAM 00000A
EUSART1_Write@txData                            cstackCOMRAM 00000A
EUSART2_SetErrorHandler@interruptHandler        cstackCOMRAM 00000A
EUSART2_SetFramingErrorHandler@interruptHandler cstackCOMRAM 00000A
EUSART2_SetOverrunErrorHandler@interruptHandler cstackCOMRAM 00000A
EUSART2_Write@txData                            cstackCOMRAM 00000A
INT0_SetInterruptHandler@InterruptHandler       cstackCOMRAM 00000A
INT1_SetInterruptHandler@InterruptHandler       cstackCOMRAM 00000A
INT2_SetInterruptHandler@InterruptHandler       cstackCOMRAM 00000A
LaySheetsOnTrays@forwardCount                   cstackBANK1  00017F
LaySheetsOnTrays@lcd_string                     cstackBANK1  00016B
LaySheetsOnTrays@motorNumber                    cstackBANK1  000187
LaySheetsOnTrays@returnCount                    cstackBANK1  000181
LaySheetsOnTrays@sheetCount                     cstackBANK1  000164
LaySheetsOnTrays@sheetSize                      cstackBANK1  000166
LaySheetsOnTrays@sheetsPerTray                  cstackBANK1  000185
LaySheetsOnTrays@totalSheetsPlaced              cstackBANK1  000183
LaySheetsOnTrays@trayStepSize                   cstackBANK1  00017B
TX_Buffer1@buff                                 cstackCOMRAM 00000E
TX_Buffer1@i                                    cstackCOMRAM 000011
TX_Buffer1@size                                 cstackCOMRAM 000010
TX_Buffer2@buff                                 cstackCOMRAM 00000B
TX_Buffer2@i                                    cstackCOMRAM 00000E
TX_Buffer2@size                                 cstackCOMRAM 00000D
_ANSELA                                         (abs)        000F0C
_ANSELB                                         (abs)        000F14
_ANSELC                                         (abs)        000F1C
_ANSELD                                         (abs)        000F21
_ANSELE                                         (abs)        000F29
_BAUD1CON                                       (abs)        000F9E
_BAUD2CON                                       (abs)        000E9A
_DATAEE_ReadByte                                text7        0128AA
_EUSART1_DefaultErrorHandler                    text72       01298E
_EUSART1_DefaultFramingErrorHandler             text71       01299E
_EUSART1_DefaultOverrunErrorHandler             text70       012988
_EUSART1_ErrorHandler                           nvBANK1      0001C9
_EUSART1_FramingErrorHandler                    nvBANK1      0001CF
_EUSART1_Initialize                             text21       0122F4
_EUSART1_OverrunErrorHandler                    nvBANK1      0001CC
_EUSART1_Read                                   (abs)        000000
_EUSART1_Receive_ISR                            text69       011E66
_EUSART1_RxDataHandler                          text73       012776
_EUSART1_RxDefaultInterruptHandler              nvBANK1      0001D2
_EUSART1_SetErrorHandler                        text25       012952
_EUSART1_SetFramingErrorHandler                 text24       012944
_EUSART1_SetOverrunErrorHandler                 text23       012936
_EUSART1_SetRxInterruptHandler                  text22       012928
_EUSART1_Write                                  text50       012892
_EUSART2_DefaultErrorHandler                    (abs)        000000
_EUSART2_DefaultFramingErrorHandler             (abs)        000000
_EUSART2_DefaultOverrunErrorHandler             (abs)        000000
_EUSART2_ErrorHandler                           nvBANK1      0001BA
_EUSART2_FramingErrorHandler                    nvBANK1      0001C0
_EUSART2_Initialize                             text17       01247A
_EUSART2_OverrunErrorHandler                    nvBANK1      0001BD
_EUSART2_SetErrorHandler                        text20       01291A
_EUSART2_SetFramingErrorHandler                 text19       01290C
_EUSART2_SetOverrunErrorHandler                 text18       0128FE
_EUSART2_Write                                  text31       01287A
_EXT_INT_Initialize                             text13       0124C8
_INLVLA                                         (abs)        000F08
_INLVLB                                         (abs)        000F10
_INLVLC                                         (abs)        000F18
_INLVLD                                         (abs)        000F1D
_INLVLE                                         (abs)        000F25
_INT0PPS                                        (abs)        000E9C
_INT0_CallBack                                  text67       0126E6
_INT0_DefaultInterruptHandler                   text68       011FE4
_INT0_ISR                                       text66       01297E
_INT0_InterruptHandler                          nvBANK0      0000FD
_INT0_Read_Count                                text6        012960
_INT0_SetInterruptHandler                       text16       0128F0
_INT0_clearRotaryCount                          text3        0128C0
_INT1PPS                                        (abs)        000E9D
_INT1_CallBack                                  text64       0126B4
_INT1_DefaultInterruptHandler                   text65       01299C
_INT1_ISR                                       text63       012974
_INT1_InterruptHandler                          nvBANK1      0001C6
_INT1_SetInterruptHandler                       text15       0128E2
_INT2PPS                                        (abs)        000E9E
_INT2_CallBack                                  text61       012682
_INT2_DefaultInterruptHandler                   text62       01299A
_INT2_ISR                                       text60       01296A
_INT2_InterruptHandler                          nvBANK1      0001C3
_INT2_SetInterruptHandler                       text14       0128D4
_INTCONbits                                     (abs)        000FF2
_INTERRUPT_Initialize                           text12       012994
_INTERRUPT_InterruptManager                     intcode      000008
_LATA                                           (abs)        000F82
_LATB                                           (abs)        000F83
_LATC                                           (abs)        000F84
_LATD                                           (abs)        000F85
_LATE                                           (abs)        000F86
_LaySheetsOnTrays                               text26       010AA0
_NVMADRH                                        (abs)        000F7A
_NVMADRL                                        (abs)        000F79
_NVMADRU                                        (abs)        000F7B
_NVMCON0bits                                    (abs)        000F7F
_NVMCON1bits                                    (abs)        000F80
_NVMCON2                                        (abs)        000F81
_NVMDATH                                        (abs)        000F7D
_NVMDATL                                        (abs)        000F7C
_ODCONA                                         (abs)        000F0A
_ODCONB                                         (abs)        000F12
_ODCONC                                         (abs)        000F1A
_ODCOND                                         (abs)        000F1F
_ODCONE                                         (abs)        000F27
_OSCCON1                                        (abs)        000ED3
_OSCCON3                                        (abs)        000ED5
_OSCEN                                          (abs)        000ED7
_OSCFRQ                                         (abs)        000ED9
_OSCILLATOR_Initialize                          text11       012862
_OSCTUNE                                        (abs)        000ED8
_PIE0bits                                       (abs)        000EBD
_PIE3bits                                       (abs)        000EC0
_PIN_MANAGER_Initialize                         text10       0121EA
_PIR0bits                                       (abs)        000EC5
_PIR3bits                                       (abs)        000EC8
_PIR7bits                                       (abs)        000ECC
_PMD0                                           (abs)        000EDC
_PMD1                                           (abs)        000EDD
_PMD2                                           (abs)        000EDE
_PMD3                                           (abs)        000EDF
_PMD4                                           (abs)        000EE0
_PMD5                                           (abs)        000EE1
_PMD_Initialize                                 text9        012846
_PORTCbits                                      (abs)        000F8E
_RB3PPS                                         (abs)        000EED
_RB6PPS                                         (abs)        000EF0
_RC1REG                                         (abs)        000F98
_RC1STA                                         (abs)        000F9C
_RC1STAbits                                     (abs)        000F9C
_RC2REG                                         (abs)        000E94
_RC2STA                                         (abs)        000E98
_RC2STAbits                                     (abs)        000E98
_RC6PPS                                         (abs)        000EF8
_RX1PPS                                         (abs)        000EB0
_SLRCONA                                        (abs)        000F09
_SLRCONB                                        (abs)        000F11
_SLRCONC                                        (abs)        000F19
_SLRCOND                                        (abs)        000F1E
_SLRCONE                                        (abs)        000F26
_SP1BRGH                                        (abs)        000F9B
_SP1BRGL                                        (abs)        000F9A
_SP2BRGH                                        (abs)        000E97
_SP2BRGL                                        (abs)        000E96
_SYSTEM_Initialize                              text8        01280A
_TABLAT                                         (abs)        000FF5
_TBLPTRH                                        (abs)        000FF7
_TBLPTRL                                        (abs)        000FF6
_TBLPTRU                                        (abs)        000FF8
_TRISA                                          (abs)        000F87
_TRISB                                          (abs)        000F88
_TRISC                                          (abs)        000F89
_TRISD                                          (abs)        000F8A
_TRISE                                          (abs)        000F8B
_TX1REG                                         (abs)        000F99
_TX1STA                                         (abs)        000F9D
_TX1STAbits                                     (abs)        000F9D
_TX2REG                                         (abs)        000E95
_TX2STA                                         (abs)        000E99
_TX2STAbits                                     (abs)        000E99
_TX_Buffer1                                     text49       0125DE
_TX_Buffer2                                     text30       012718
_WPUA                                           (abs)        000F0B
_WPUB                                           (abs)        000F13
_WPUC                                           (abs)        000F1B
_WPUD                                           (abs)        000F20
_WPUE                                           (abs)        000F28
__HRAM                                          (abs)        000000
__Habs1                                         abs1         000000
__Hbank0                                        bank0        000000
__Hbank1                                        bank1        000000
__Hbank10                                       bank10       000000
__Hbank11                                       bank11       000000
__Hbank12                                       bank12       000000
__Hbank14                                       bank14       000000
__Hbank2                                        bank2        000000
__Hbank3                                        bank3        000000
__Hbank4                                        bank4        000000
__Hbank5                                        bank5        000000
__Hbank6                                        bank6        000000
__Hbank7                                        bank7        000000
__Hbank8                                        bank8        000000
__Hbank9                                        bank9        000000
__Hbigbss                                       bigbss       000000
__Hbigdata                                      bigdata      000000
__Hbigram                                       bigram       000000
__Hbigsfr                                       bigsfr       000000
__Hbss                                          bss          000000
__HbssBANK0                                     bssBANK0     000000
__HbssBANK1                                     bssBANK1     000000
__HbssCOMRAM                                    bssCOMRAM    000000
__Hcinit                                        cinit        000000
__Hclrtext                                      clrtext      000000
__Hcomram                                       comram       000000
__Hconfig                                       config       30000C
__Hconst                                        const        000000
__HcstackBANK0                                  cstackBANK0  000000
__HcstackBANK1                                  cstackBANK1  000000
__HcstackCOMRAM                                 cstackCOMRAM 000000
__Hdata                                         data         000000
__Heeprom_data                                  eeprom_data  000000
__Hfarbss                                       farbss       000000
__Hfardata                                      fardata      000000
__Hheap                                         heap         000000
__Hibigdata                                     ibigdata     000000
__Hidata                                        idata        000000
__Hidloc                                        idloc        200100
__Hifardata                                     ifardata     000000
__Hinit                                         init         0000EA
__Hintcode                                      intcode      0000E6
__Hintcode_body                                 intcode_body 000000
__Hintcodelo                                    intcodelo    0000E6
__Hintentry                                     intentry     000000
__Hintret                                       intret       000000
__Hintsave_regs                                 intsave_regs 000000
__Hirdata                                       irdata       000000
__Hmediumconst                                  mediumconst  010000
__HnvBANK0                                      nvBANK0      000000
__HnvBANK1                                      nvBANK1      000000
__HnvFARRAM                                     nvFARRAM     000000
__Hnvbit                                        nvbit        000000
__Hnvrram                                       nvrram       000000
__Hparam                                        rparam       000000
__Hpowerup                                      powerup      0000E6
__Hram                                          ram          000000
__Hramtop                                       ramtop       000F00
__Hrbit                                         rbit         000000
__Hrbss                                         rbss         000000
__Hrdata                                        rdata        000000
__Hreset_vec                                    reset_vec    000004
__Hrparam                                       rparam       000000
__Hsfr                                          sfr          000000
__Hsmallconst                                   smallconst   000000
__Hspace_0                                      (abs)        0129A0
__Hspace_1                                      (abs)        0001D5
__Hspace_2                                      (abs)        000000
__Hspace_4                                      (abs)        60000C
__Hstack                                        stack        000000
__Hstruct                                       struct       000000
__Htemp                                         temp         000057
__Htext                                         text         000000
__Htext0                                        text0        000000
__Htext1                                        text1        000000
__Htext10                                       text10       000000
__Htext11                                       text11       000000
__Htext12                                       text12       000000
__Htext13                                       text13       000000
__Htext14                                       text14       000000
__Htext15                                       text15       000000
__Htext16                                       text16       000000
__Htext17                                       text17       000000
__Htext18                                       text18       000000
__Htext19                                       text19       000000
__Htext2                                        text2        000000
__Htext20                                       text20       000000
__Htext21                                       text21       000000
__Htext22                                       text22       000000
__Htext23                                       text23       000000
__Htext24                                       text24       000000
__Htext25                                       text25       000000
__Htext26                                       text26       000000
__Htext27                                       text27       000000
__Htext28                                       text28       000000
__Htext29                                       text29       000000
__Htext3                                        text3        000000
__Htext30                                       text30       000000
__Htext31                                       text31       000000
__Htext32                                       text32       000000
__Htext33                                       text33       000000
__Htext34                                       text34       000000
__Htext35                                       text35       000000
__Htext36                                       text36       000000
__Htext37                                       text37       000000
__Htext38                                       text38       000000
__Htext39                                       text39       000000
__Htext4                                        text4        000000
__Htext40                                       text40       000000
__Htext41                                       text41       000000
__Htext42                                       text42       000000
__Htext43                                       text43       000000
__Htext44                                       text44       000000
__Htext45                                       text45       000000
__Htext46                                       text46       000000
__Htext47                                       text47       000000
__Htext48                                       text48       000000
__Htext49                                       text49       000000
__Htext5                                        text5        000000
__Htext50                                       text50       000000
__Htext51                                       text51       000000
__Htext52                                       text52       000000
__Htext53                                       text53       000000
__Htext54                                       text54       000000
__Htext55                                       text55       000000
__Htext56                                       text56       000000
__Htext57                                       text57       000000
__Htext58                                       text58       000000
__Htext6                                        text6        000000
__Htext60                                       text60       000000
__Htext61                                       text61       000000
__Htext62                                       text62       000000
__Htext63                                       text63       000000
__Htext64                                       text64       000000
__Htext65                                       text65       000000
__Htext66                                       text66       000000
__Htext67                                       text67       000000
__Htext68                                       text68       000000
__Htext69                                       text69       000000
__Htext7                                        text7        000000
__Htext70                                       text70       000000
__Htext71                                       text71       000000
__Htext72                                       text72       000000
__Htext73                                       text73       000000
__Htext74                                       text74       000000
__Htext8                                        text8        000000
__Htext9                                        text9        000000
__LRAM                                          (abs)        000001
__Labs1                                         abs1         000000
__Lbank0                                        bank0        000000
__Lbank1                                        bank1        000000
__Lbank10                                       bank10       000000
__Lbank11                                       bank11       000000
__Lbank12                                       bank12       000000
__Lbank14                                       bank14       000000
__Lbank2                                        bank2        000000
__Lbank3                                        bank3        000000
__Lbank4                                        bank4        000000
__Lbank5                                        bank5        000000
__Lbank6                                        bank6        000000
__Lbank7                                        bank7        000000
__Lbank8                                        bank8        000000
__Lbank9                                        bank9        000000
__Lbigbss                                       bigbss       000000
__Lbigdata                                      bigdata      000000
__Lbigram                                       bigram       000000
__Lbigsfr                                       bigsfr       000000
__Lbss                                          bss          000000
__LbssBANK0                                     bssBANK0     000000
__LbssBANK1                                     bssBANK1     000000
__LbssCOMRAM                                    bssCOMRAM    000000
__Lcinit                                        cinit        000000
__Lclrtext                                      clrtext      000000
__Lcomram                                       comram       000000
__Lconfig                                       config       000000
__Lconst                                        const        000000
__LcstackBANK0                                  cstackBANK0  000000
__LcstackBANK1                                  cstackBANK1  000000
__LcstackCOMRAM                                 cstackCOMRAM 000000
__Ldata                                         data         000000
__Leeprom_data                                  eeprom_data  000000
__Lfarbss                                       farbss       000000
__Lfardata                                      fardata      000000
__Lheap                                         heap         000000
__Libigdata                                     ibigdata     000000
__Lidata                                        idata        000000
__Lidloc                                        idloc        000000
__Lifardata                                     ifardata     000000
__Linit                                         init         0000E6
__Lintcode                                      intcode      000008
__Lintcode_body                                 intcode_body 000000
__Lintcodelo                                    intcodelo    0000E6
__Lintentry                                     intentry     000000
__Lintret                                       intret       000000
__Lintsave_regs                                 intsave_regs 000000
__Lirdata                                       irdata       000000
__Lmediumconst                                  mediumconst  00FE88
__LnvBANK0                                      nvBANK0      000000
__LnvBANK1                                      nvBANK1      000000
__LnvFARRAM                                     nvFARRAM     000000
__Lnvbit                                        nvbit        000000
__Lnvrram                                       nvrram       000000
__Lparam                                        rparam       000000
__Lpowerup                                      powerup      0000E6
__Lram                                          ram          000000
__Lramtop                                       ramtop       000F00
__Lrbit                                         rbit         000000
__Lrbss                                         rbss         000000
__Lrdata                                        rdata        000000
__Lreset_vec                                    reset_vec    000000
__Lrparam                                       rparam       000000
__Lsfr                                          sfr          000000
__Lsmallconst                                   smallconst   000000
__Lspace_0                                      (abs)        000000
__Lspace_1                                      (abs)        000000
__Lspace_2                                      (abs)        000000
__Lspace_4                                      (abs)        000000
__Lstack                                        stack        000000
__Lstruct                                       struct       000000
__Ltemp                                         temp         000056
__Ltext                                         text         000000
__Ltext0                                        text0        000000
__Ltext1                                        text1        000000
__Ltext10                                       text10       000000
__Ltext11                                       text11       000000
__Ltext12                                       text12       000000
__Ltext13                                       text13       000000
__Ltext14                                       text14       000000
__Ltext15                                       text15       000000
__Ltext16                                       text16       000000
__Ltext17                                       text17       000000
__Ltext18                                       text18       000000
__Ltext19                                       text19       000000
__Ltext2                                        text2        000000
__Ltext20                                       text20       000000
__Ltext21                                       text21       000000
__Ltext22                                       text22       000000
__Ltext23                                       text23       000000
__Ltext24                                       text24       000000
__Ltext25                                       text25       000000
__Ltext26                                       text26       000000
__Ltext27                                       text27       000000
__Ltext28                                       text28       000000
__Ltext29                                       text29       000000
__Ltext3                                        text3        000000
__Ltext30                                       text30       000000
__Ltext31                                       text31       000000
__Ltext32                                       text32       000000
__Ltext33                                       text33       000000
__Ltext34                                       text34       000000
__Ltext35                                       text35       000000
__Ltext36                                       text36       000000
__Ltext37                                       text37       000000
__Ltext38                                       text38       000000
__Ltext39                                       text39       000000
__Ltext4                                        text4        000000
__Ltext40                                       text40       000000
__Ltext41                                       text41       000000
__Ltext42                                       text42       000000
__Ltext43                                       text43       000000
__Ltext44                                       text44       000000
__Ltext45                                       text45       000000
__Ltext46                                       text46       000000
__Ltext47                                       text47       000000
__Ltext48                                       text48       000000
__Ltext49                                       text49       000000
__Ltext5                                        text5        000000
__Ltext50                                       text50       000000
__Ltext51                                       text51       000000
__Ltext52                                       text52       000000
__Ltext53                                       text53       000000
__Ltext54                                       text54       000000
__Ltext55                                       text55       000000
__Ltext56                                       text56       000000
__Ltext57                                       text57       000000
__Ltext58                                       text58       000000
__Ltext6                                        text6        000000
__Ltext60                                       text60       000000
__Ltext61                                       text61       000000
__Ltext62                                       text62       000000
__Ltext63                                       text63       000000
__Ltext64                                       text64       000000
__Ltext65                                       text65       000000
__Ltext66                                       text66       000000
__Ltext67                                       text67       000000
__Ltext68                                       text68       000000
__Ltext69                                       text69       000000
__Ltext7                                        text7        000000
__Ltext70                                       text70       000000
__Ltext71                                       text71       000000
__Ltext72                                       text72       000000
__Ltext73                                       text73       000000
__Ltext74                                       text74       000000
__Ltext8                                        text8        000000
__Ltext9                                        text9        000000
__S0                                            (abs)        0129A0
__S1                                            (abs)        0001D5
__S4                                            (abs)        000000
__S5                                            (abs)        000000
___aodiv                                        text48       011546
___aodiv@counter                                cstackCOMRAM 00001A
___aodiv@dividend                               cstackCOMRAM 00000A
___aodiv@divisor                                cstackCOMRAM 000012
___aodiv@quotient                               cstackCOMRAM 00001C
___aodiv@sign                                   cstackCOMRAM 00001B
___aomod                                        text47       0116CE
___aomod@counter                                cstackCOMRAM 00001A
___aomod@dividend                               cstackCOMRAM 00000A
___aomod@divisor                                cstackCOMRAM 000012
___aomod@sign                                   cstackCOMRAM 00001B
___awdiv                                        text58       011CE0
___awdiv@counter                                cstackCOMRAM 00000E
___awdiv@dividend                               cstackCOMRAM 00000A
___awdiv@divisor                                cstackCOMRAM 00000C
___awdiv@quotient                               cstackCOMRAM 000010
___awdiv@sign                                   cstackCOMRAM 00000F
___fladd                                        text57       010000
___fladd@a                                      cstackCOMRAM 00000E
___fladd@aexp                                   cstackCOMRAM 000017
___fladd@b                                      cstackCOMRAM 00000A
___fladd@bexp                                   cstackCOMRAM 000018
___fladd@grs                                    cstackCOMRAM 000019
___fladd@signs                                  cstackCOMRAM 000016
___flsub                                        text56       012514
___flsub@a                                      cstackCOMRAM 000024
___flsub@b                                      cstackCOMRAM 000020
___fltol                                        text53       011950
___fltol@exp1                                   cstackCOMRAM 000013
___fltol@f1                                     cstackCOMRAM 00000A
___fltol@sign1                                  cstackCOMRAM 000012
___heap_hi                                      (abs)        000000
___heap_lo                                      (abs)        000000
___inthi_sp                                     stack        000000
___intlo_sp                                     stack        000000
___lodiv                                        text39       011A56
___lodiv@counter                                cstackCOMRAM 000022
___lodiv@dividend                               cstackCOMRAM 00000A
___lodiv@divisor                                cstackCOMRAM 000012
___lodiv@quotient                               cstackCOMRAM 00001A
___lomod                                        text38       011B46
___lomod@counter                                cstackCOMRAM 00001A
___lomod@dividend                               cstackCOMRAM 00000A
___lomod@divisor                                cstackCOMRAM 000012
___lwdiv                                        text55       012280
___lwdiv@counter                                cstackCOMRAM 000010
___lwdiv@dividend                               cstackCOMRAM 00000A
___lwdiv@divisor                                cstackCOMRAM 00000C
___lwdiv@quotient                               cstackCOMRAM 00000E
___param_bank                                   (abs)        000000
___rparam_used                                  (abs)        000001
___sp                                           stack        000000
___wmul                                         text52       0127C6
___wmul@multiplicand                            cstackCOMRAM 000016
___wmul@multiplier                              cstackCOMRAM 000014
___wmul@product                                 cstackCOMRAM 000018
___xxtofl                                       text54       0111F0
___xxtofl@arg                                   cstackCOMRAM 00001C
___xxtofl@exp                                   cstackCOMRAM 00001B
___xxtofl@sign                                  cstackCOMRAM 00001A
___xxtofl@val                                   cstackCOMRAM 000012
__accesstop                                     (abs)        000060
__activetblptr                                  (abs)        000003
__end_of_DATAEE_ReadByte                        text7        0128C0
__end_of_EUSART1_DefaultErrorHandler            text72       012994
__end_of_EUSART1_DefaultFramingErrorHandler     text71       0129A0
__end_of_EUSART1_DefaultOverrunErrorHandler     text70       01298E
__end_of_EUSART1_Initialize                     text21       012364
__end_of_EUSART1_Receive_ISR                    text69       011F28
__end_of_EUSART1_RxDataHandler                  text73       0127A0
__end_of_EUSART1_SetErrorHandler                text25       012960
__end_of_EUSART1_SetFramingErrorHandler         text24       012952
__end_of_EUSART1_SetOverrunErrorHandler         text23       012944
__end_of_EUSART1_SetRxInterruptHandler          text22       012936
__end_of_EUSART1_Write                          text50       0128AA
__end_of_EUSART2_Initialize                     text17       0124C8
__end_of_EUSART2_SetErrorHandler                text20       012928
__end_of_EUSART2_SetFramingErrorHandler         text19       01291A
__end_of_EUSART2_SetOverrunErrorHandler         text18       01290C
__end_of_EUSART2_Write                          text31       012892
__end_of_EXT_INT_Initialize                     text13       012514
__end_of_INT0_CallBack                          text67       012718
__end_of_INT0_DefaultInterruptHandler           text68       01209E
__end_of_INT0_ISR                               text66       012988
__end_of_INT0_Read_Count                        text6        01296A
__end_of_INT0_SetInterruptHandler               text16       0128FE
__end_of_INT0_clearRotaryCount                  text3        0128D4
__end_of_INT1_CallBack                          text64       0126E6
__end_of_INT1_DefaultInterruptHandler           text65       01299E
__end_of_INT1_ISR                               text63       01297E
__end_of_INT1_SetInterruptHandler               text15       0128F0
__end_of_INT2_CallBack                          text61       0126B4
__end_of_INT2_DefaultInterruptHandler           text62       01299C
__end_of_INT2_ISR                               text60       012974
__end_of_INT2_SetInterruptHandler               text14       0128E2
__end_of_INTERRUPT_Initialize                   text12       012998
__end_of_INTERRUPT_InterruptManager             intcode      0000E6
__end_of_LaySheetsOnTrays                       text26       010D7A
__end_of_OSCILLATOR_Initialize                  text11       01287A
__end_of_PIN_MANAGER_Initialize                 text10       012280
__end_of_PMD_Initialize                         text9        012862
__end_of_SYSTEM_Initialize                      text8        012828
__end_of_TX_Buffer1                             text49       01261A
__end_of_TX_Buffer2                             text30       012748
__end_of___aodiv                                text48       0116CE
__end_of___aomod                                text47       011832
__end_of___awdiv                                text58       011DA4
__end_of___fladd                                text57       0104C0
__end_of___flsub                                text56       01255A
__end_of___fltol                                text53       011A56
__end_of___lodiv                                text39       011B46
__end_of___lomod                                text38       011C16
__end_of___lwdiv                                text55       0122F4
__end_of___wmul                                 text52       0127EC
__end_of___xxtofl                               text54       0113A4
__end_of__initialization                        cinit        01276C
__end_of_abs                                    text46       0125DE
__end_of_distance                               text51       012682
__end_of_dtoa                                   text40       010AA0
__end_of_fputc                                  text44       011CE0
__end_of_fputs                                  text43       01259E
__end_of_home_motors                            text32       0121EA
__end_of_lcd_GUI                                text5        0107C0
__end_of_lcd_clear                              text4        01280A
__end_of_lcd_page_1                             text2        011950
__end_of_lcd_page_2                             text1        011546
__end_of_lcd_print                              text28       0127C6
__end_of_lcd_set_cursor                         text27       012846
__end_of_main                                   text0        011FE4
__end_of_pad                                    text41       011E66
__end_of_putch                                  text45       01299A
__end_of_rmove                                  text33       012148
__end_of_sprintf                                text34       01247A
__end_of_strcpy                                 text29       012428
__end_of_strlen                                 text42       012650
__end_of_utoa                                   text37       0111F0
__end_of_vfpfcnvrt                              text36       010FEE
__end_of_vfprintf                               text35       0123CA
__initialization                                cinit        012748
__mediumconst                                   mediumconst  00FE88
__pbssBANK0                                     bssBANK0     0000EA
__pbssBANK1                                     bssBANK1     00018A
__pbssCOMRAM                                    bssCOMRAM    00004D
__pcinit                                        cinit        012748
__pcstackBANK0                                  cstackBANK0  000060
__pcstackBANK1                                  cstackBANK1  000100
__pcstackCOMRAM                                 cstackCOMRAM 000001
__pintcode                                      intcode      000008
__pmediumconst                                  mediumconst  00FE88
__pnvBANK0                                      nvBANK0      0000FD
__pnvBANK1                                      nvBANK1      0001BA
__ptext0                                        text0        011F28
__ptext1                                        text1        0113A4
__ptext10                                       text10       0121EA
__ptext11                                       text11       012862
__ptext12                                       text12       012994
__ptext13                                       text13       0124C8
__ptext14                                       text14       0128D4
__ptext15                                       text15       0128E2
__ptext16                                       text16       0128F0
__ptext17                                       text17       01247A
__ptext18                                       text18       0128FE
__ptext19                                       text19       01290C
__ptext2                                        text2        011832
__ptext20                                       text20       01291A
__ptext21                                       text21       0122F4
__ptext22                                       text22       012928
__ptext23                                       text23       012936
__ptext24                                       text24       012944
__ptext25                                       text25       012952
__ptext26                                       text26       010AA0
__ptext27                                       text27       012828
__ptext28                                       text28       0127A0
__ptext29                                       text29       0123CA
__ptext3                                        text3        0128C0
__ptext30                                       text30       012718
__ptext31                                       text31       01287A
__ptext32                                       text32       012148
__ptext33                                       text33       01209E
__ptext34                                       text34       012428
__ptext35                                       text35       012364
__ptext36                                       text36       010D7A
__ptext37                                       text37       010FEE
__ptext38                                       text38       011B46
__ptext39                                       text39       011A56
__ptext4                                        text4        0127EC
__ptext40                                       text40       0107C0
__ptext41                                       text41       011DA4
__ptext42                                       text42       01261A
__ptext43                                       text43       01255A
__ptext44                                       text44       011C16
__ptext45                                       text45       012998
__ptext46                                       text46       01259E
__ptext47                                       text47       0116CE
__ptext48                                       text48       011546
__ptext49                                       text49       0125DE
__ptext5                                        text5        0104C0
__ptext50                                       text50       012892
__ptext51                                       text51       012650
__ptext52                                       text52       0127C6
__ptext53                                       text53       011950
__ptext54                                       text54       0111F0
__ptext55                                       text55       012280
__ptext56                                       text56       012514
__ptext57                                       text57       010000
__ptext58                                       text58       011CE0
__ptext6                                        text6        012960
__ptext60                                       text60       01296A
__ptext61                                       text61       012682
__ptext62                                       text62       01299A
__ptext63                                       text63       012974
__ptext64                                       text64       0126B4
__ptext65                                       text65       01299C
__ptext66                                       text66       01297E
__ptext67                                       text67       0126E6
__ptext68                                       text68       011FE4
__ptext69                                       text69       011E66
__ptext7                                        text7        0128AA
__ptext70                                       text70       012988
__ptext71                                       text71       01299E
__ptext72                                       text72       01298E
__ptext73                                       text73       012776
__ptext74                                       text74       000000
__ptext8                                        text8        01280A
__ptext9                                        text9        012846
__ramtop                                        ramtop       000F00
__smallconst                                    smallconst   000000
_abs                                            text46       01259E
_count                                          bssBANK0     0000EA
_dbuf                                           bssBANK1     00019A
_distance                                       text51       012650
_dtoa                                           text40       0107C0
_dtoa$1698                                      cstackCOMRAM 000037
_eusart1RxBuffer                                bssBANK1     000192
_eusart1RxCount                                 bssCOMRAM    000053
_eusart1RxHead                                  bssCOMRAM    000055
_eusart1RxLastError                             bssBANK0     0000FC
_eusart1RxStatusBuffer                          bssBANK1     00018A
_eusart1RxTail                                  bssCOMRAM    000054
_eusart2RxLastError                             bssBANK0     0000FB
_flags                                          bssCOMRAM    000051
_fputc                                          text44       011C16
_fputs                                          text43       01255A
_home_motors                                    text32       012148
_input                                          bssCOMRAM    00004D
_lcd_GUI                                        text5        0104C0
_lcd_clear                                      text4        0127EC
_lcd_page_1                                     text2        011832
_lcd_page_2                                     text1        0113A4
_lcd_print                                      text28       0127A0
_lcd_set_cursor                                 text27       012828
_main                                           text0        011F28
_nout                                           bssBANK0     0000EE
_pad                                            text41       011DA4
_prec                                           bssBANK0     0000F2
_putch                                          text45       012998
_quickTime                                      bssBANK0     0000FA
_rmove                                          text33       01209E
_scaledValue                                    bssBANK0     0000F6
_scaledValuePast                                bssBANK0     0000F4
_sectorRAM                                      (abs)        000D00
_sprintf                                        text34       012428
_start                                          bssBANK0     0000F9
_status                                         bssBANK0     0000F8
_strcpy                                         text29       0123CA
_strlen                                         text42       01261A
_utoa                                           text37       010FEE
_vfpfcnvrt                                      text36       010D7A
_vfprintf                                       text35       012364
_width                                          bssBANK0     0000F0
abs@a                                           cstackCOMRAM 00001C
btemp                                           temp         000056
distance@inch                                   cstackCOMRAM 000028
dtoa@d                                          cstackCOMRAM 000027
dtoa@fp                                         cstackCOMRAM 000025
dtoa@i                                          cstackCOMRAM 000047
dtoa@n                                          cstackCOMRAM 00003F
dtoa@p                                          cstackCOMRAM 000039
dtoa@s                                          cstackCOMRAM 00003D
dtoa@w                                          cstackCOMRAM 00003B
end_of_initialization                           cinit        01276C
fputc@c                                         cstackCOMRAM 00000A
fputc@fp                                        cstackCOMRAM 00000C
fputs@c                                         cstackCOMRAM 000017
fputs@fp                                        cstackCOMRAM 000015
fputs@i                                         cstackCOMRAM 000018
fputs@s                                         cstackCOMRAM 000013
home_motors@move_buf                            cstackBANK1  000128
home_motors@speed_buf                           cstackBANK1  000100
int$flags                                       temp         000056
intlevel0                                       text         000000
intlevel1                                       text         000000
intlevel2                                       text         000000
intlevel3                                       text         000000
isa$std                                         (abs)        000001
isa$xinst                                       (abs)        000000
lcd_GUI@LengthEEprom                            cstackBANK0  0000AA
lcd_GUI@i                                       cstackBANK0  0000A6
lcd_GUI@lcd_string                              cstackBANK0  000096
lcd_GUI@location                                cstackBANK0  0000AF
lcd_GUI@pastCount                               cstackBANK0  0000AD
lcd_GUI@presentCount                            cstackBANK0  0000B0
lcd_GUI@selectSwitch                            cstackBANK0  0000AC
lcd_GUI@sheetsEEprom                            cstackBANK0  0000A8
lcd_page_1@lcd_string                           cstackBANK0  000094
lcd_page_1@sheets                               cstackBANK0  0000A4
lcd_page_2@location                             cstackCOMRAM 00002B
lcd_page_2@pastCount                            cstackCOMRAM 000029
lcd_page_2@presentCount                         cstackCOMRAM 00002C
lcd_page_2@selectSwitch                         cstackCOMRAM 000028
lcd_print@Buffer                                cstackCOMRAM 000016
lcd_print@str                                   cstackCOMRAM 000014
lcd_set_cursor@pos                              cstackCOMRAM 00000B
pad@buf                                         cstackCOMRAM 00001C
pad@fp                                          cstackCOMRAM 00001A
pad@i                                           cstackCOMRAM 000021
pad@p                                           cstackCOMRAM 00001E
pad@w                                           cstackCOMRAM 000023
rmove@motor                                     cstackBANK0  0000E8
rmove@move_buf                                  cstackBANK0  0000C0
rmove@pos                                       cstackBANK0  000095
rmove@speed                                     cstackBANK0  000093
rmove@speed_buf                                 cstackBANK0  000098
sprintf@ap                                      cstackBANK0  000086
sprintf@f                                       cstackBANK0  000088
sprintf@fmt                                     cstackBANK0  000080
sprintf@s                                       cstackBANK0  00007E
stackhi                                         (abs)        000000
stacklo                                         (abs)        000000
start                                           init         0000E6
start_initialization                            cinit        012748
strcpy@d                                        cstackCOMRAM 000012
strcpy@dest                                     cstackCOMRAM 00000A
strcpy@s                                        cstackCOMRAM 000010
strcpy@src                                      cstackCOMRAM 00000C
strlen@a                                        cstackCOMRAM 00000C
strlen@s                                        cstackCOMRAM 00000A
ttemp5                                          temp         000057
ttemp6                                          temp         00005A
ttemp7                                          temp         00005E
utoa@d                                          cstackCOMRAM 000027
utoa@fp                                         cstackCOMRAM 000025
utoa@i                                          cstackCOMRAM 000043
utoa@n                                          cstackCOMRAM 00003B
utoa@p                                          cstackCOMRAM 000037
utoa@w                                          cstackCOMRAM 000039
vfpfcnvrt@ap                                    cstackBANK0  000064
vfpfcnvrt@fmt                                   cstackBANK0  000062
vfpfcnvrt@fp                                    cstackBANK0  000060
vfpfcnvrt@ll                                    cstackBANK0  000066
vfpfcnvrt@llu                                   cstackBANK0  00006E
vfprintf@ap                                     cstackBANK0  00007A
vfprintf@cfmt                                   cstackBANK0  00007C
vfprintf@fmt                                    cstackBANK0  000078
vfprintf@fp                                     cstackBANK0  000076
wtemp8                                          temp         000057


MODULE INFORMATION

Module		Function		Class		Link	Load	Size
C:\Program Files\Microchip\xc8\v2.36\pic\sources\c99\common\putch.c
		_putch         		CODE           	12998	0000	2

C:\Program Files\Microchip\xc8\v2.36\pic\sources\c99\common\putch.c estimated size: 2

C:\Program Files\Microchip\xc8\v2.36\pic\sources\c99\common\lomod.c
		___lomod       		CODE           	11B46	0000	208

C:\Program Files\Microchip\xc8\v2.36\pic\sources\c99\common\lomod.c estimated size: 208

C:\Program Files\Microchip\xc8\v2.36\pic\sources\c99\common\nf_fputs.c
		_fputs         		CODE           	1255A	0000	68

C:\Program Files\Microchip\xc8\v2.36\pic\sources\c99\common\nf_fputs.c estimated size: 68

C:\Program Files\Microchip\xc8\v2.36\pic\sources\c99\common\aomod.c
		___aomod       		CODE           	116CE	0000	356

C:\Program Files\Microchip\xc8\v2.36\pic\sources\c99\common\aomod.c estimated size: 356

mcc_generated_files/eusart2.c
		_EUSART2_SetOverrunErrorHandler		CODE           	128FE	0000	14
		_EUSART2_SetErrorHandler		CODE           	1291A	0000	14
		_EUSART2_Write 		CODE           	1287A	0000	24
		_EUSART2_Initialize		CODE           	1247A	0000	78
		_EUSART2_SetFramingErrorHandler		CODE           	1290C	0000	14

mcc_generated_files/eusart2.c estimated size: 144

mcc_generated_files/interrupt_manager.c
		_INTERRUPT_Initialize		CODE           	12994	0000	4
		_INTERRUPT_InterruptManager		CODE           	0008	0000	222

mcc_generated_files/interrupt_manager.c estimated size: 226

C:\Program Files\Microchip\xc8\v2.36\pic\sources\c99\common\nf_sprintf.c
		_sprintf       		CODE           	12428	0000	82

C:\Program Files\Microchip\xc8\v2.36\pic\sources\c99\common\nf_sprintf.c estimated size: 82

mcc_generated_files/pin_manager.c
		_PIN_MANAGER_Initialize		CODE           	121EA	0000	150

mcc_generated_files/pin_manager.c estimated size: 150

C:\Program Files\Microchip\xc8\v2.36\pic\sources\c99\common\xxtofl.c
		___xxtofl      		CODE           	111F0	0000	436

C:\Program Files\Microchip\xc8\v2.36\pic\sources\c99\common\xxtofl.c estimated size: 436

C:\Program Files\Microchip\xc8\v2.36\pic\sources\c99\common\strlen.c
		_strlen        		CODE           	1261A	0000	54

C:\Program Files\Microchip\xc8\v2.36\pic\sources\c99\common\strlen.c estimated size: 54

C:\Program Files\Microchip\xc8\v2.36\pic\sources\c99\common\lodiv.c
		___lodiv       		CODE           	11A56	0000	240

C:\Program Files\Microchip\xc8\v2.36\pic\sources\c99\common\lodiv.c estimated size: 240

C:\Program Files\Microchip\xc8\v2.36\pic\sources\c99\common\strcpy.c
		_strcpy        		CODE           	123CA	0000	94

C:\Program Files\Microchip\xc8\v2.36\pic\sources\c99\common\strcpy.c estimated size: 94

C:\Program Files\Microchip\xc8\v2.36\pic\sources\c99\common\aodiv.c
		___aodiv       		CODE           	11546	0000	392

C:\Program Files\Microchip\xc8\v2.36\pic\sources\c99\common\aodiv.c estimated size: 392

C:\Program Files\Microchip\xc8\v2.36\pic\sources\c99\common\nf_fputc.c
		_fputc         		CODE           	11C16	0000	202

C:\Program Files\Microchip\xc8\v2.36\pic\sources\c99\common\nf_fputc.c estimated size: 202

C:\Program Files\Microchip\xc8\v2.36\pic\sources\c99\common\sprcadd.c
		___flsub       		CODE           	12514	0000	70
		___fladd       		CODE           	10000	0000	1216

C:\Program Files\Microchip\xc8\v2.36\pic\sources\c99\common\sprcadd.c estimated size: 1286

mcc_generated_files/ext_int.c
		_INT0_SetInterruptHandler		CODE           	128F0	0000	14
		_INT1_SetInterruptHandler		CODE           	128E2	0000	14
		_EXT_INT_Initialize		CODE           	124C8	0000	76
		_INT2_SetInterruptHandler		CODE           	128D4	0000	14
		_INT0_DefaultInterruptHandler		CODE           	11FE4	0000	186
		_INT0_CallBack 		CODE           	126E6	0000	50
		_INT1_DefaultInterruptHandler		CODE           	1299C	0000	2
		_INT1_CallBack 		CODE           	126B4	0000	50
		_INT2_DefaultInterruptHandler		CODE           	1299A	0000	2
		_INT2_CallBack 		CODE           	12682	0000	50
		_INT0_clearRotaryCount		CODE           	128C0	0000	20
		_INT0_ISR      		CODE           	1297E	0000	10
		_INT0_Read_Count		CODE           	12960	0000	10
		_INT1_ISR      		CODE           	12974	0000	10
		_INT2_ISR      		CODE           	1296A	0000	10

mcc_generated_files/ext_int.c estimated size: 518

C:\Program Files\Microchip\xc8\v2.36\pic\sources\c99\common\lwdiv.c
		___lwdiv       		CODE           	12280	0000	116

C:\Program Files\Microchip\xc8\v2.36\pic\sources\c99\common\lwdiv.c estimated size: 116

C:\Program Files\Microchip\xc8\v2.36\pic\sources\c99\common\awdiv.c
		___awdiv       		CODE           	11CE0	0000	196

C:\Program Files\Microchip\xc8\v2.36\pic\sources\c99\common\awdiv.c estimated size: 196

C:\Program Files\Microchip\xc8\v2.36\pic\sources\c99\common\doprnt.c
		_vfpfcnvrt     		CODE           	10D7A	0000	628
		_pad           		CODE           	11DA4	0000	194
		_dtoa          		CODE           	107C0	0000	736
		_vfprintf      		CODE           	12364	0000	102
		_utoa          		CODE           	10FEE	0000	514

C:\Program Files\Microchip\xc8\v2.36\pic\sources\c99\common\doprnt.c estimated size: 2174

C:\Program Files\Microchip\xc8\v2.36\pic\sources\c99\common\fltol.c
		___fltol       		CODE           	11950	0000	262

C:\Program Files\Microchip\xc8\v2.36\pic\sources\c99\common\fltol.c estimated size: 262

shared
		__initialization		CODE           	12748	0000	36

shared estimated size: 36

mcc_generated_files/eusart1.c
		_EUSART1_SetRxInterruptHandler		CODE           	12928	0000	14
		_EUSART1_Initialize		CODE           	122F4	0000	112
		_EUSART1_DefaultErrorHandler		CODE           	1298E	0000	6
		_EUSART1_SetFramingErrorHandler		CODE           	12944	0000	14
		_EUSART1_SetOverrunErrorHandler		CODE           	12936	0000	14
		_EUSART1_SetErrorHandler		CODE           	12952	0000	14
		_EUSART1_Write 		CODE           	12892	0000	24
		_EUSART1_Receive_ISR		CODE           	11E66	0000	194
		_EUSART1_RxDataHandler		CODE           	12776	0000	42
		_EUSART1_DefaultOverrunErrorHandler		CODE           	12988	0000	6
		_EUSART1_DefaultFramingErrorHandler		CODE           	1299E	0000	2

mcc_generated_files/eusart1.c estimated size: 442

mcc_generated_files/mcc.c
		_PMD_Initialize		CODE           	12846	0000	28
		_OSCILLATOR_Initialize		CODE           	12862	0000	24
		_SYSTEM_Initialize		CODE           	1280A	0000	30

mcc_generated_files/mcc.c estimated size: 82

C:\Program Files\Microchip\xc8\v2.36\pic\sources\c99\common\abs.c
		_abs           		CODE           	1259E	0000	64

C:\Program Files\Microchip\xc8\v2.36\pic\sources\c99\common\abs.c estimated size: 64

mcc_generated_files/memory.c
		_DATAEE_ReadByte		CODE           	128AA	0000	22

mcc_generated_files/memory.c estimated size: 22

main.c
		_TX_Buffer1    		CODE           	125DE	0000	60
		_TX_Buffer2    		CODE           	12718	0000	48
		_home_motors   		CODE           	12148	0000	162
		_main          		CODE           	11F28	0000	188
		_lcd_page_1    		CODE           	11832	0000	286
		_lcd_page_2    		CODE           	113A4	0000	418
		_lcd_set_cursor		CODE           	12828	0000	30
		_lcd_clear     		CODE           	127EC	0000	30
		_lcd_GUI       		CODE           	104C0	0000	768
		_lcd_print     		CODE           	127A0	0000	38
		_LaySheetsOnTrays		CODE           	10AA0	0000	730
		_rmove         		CODE           	1209E	0000	170
		_distance      		CODE           	12650	0000	50

main.c estimated size: 2978

C:\Program Files\Microchip\xc8\v2.36\pic\sources\c99\common\Umul16.c
		___wmul        		CODE           	127C6	0000	38

C:\Program Files\Microchip\xc8\v2.36\pic\sources\c99\common\Umul16.c estimated size: 38

